// Jest Snapshot v1, https://goo.gl/fbAQLP

exports['<Menu /> should render with initial state 1'] = `
<div
  class=""
>
  <h1>
    Menu
  </h1>
</div>
`
