// Jest Snapshot v1, https://goo.gl/fbAQLP

exports['<Ribbon /> should render with initial state 1'] = `
<div
  class=""
>
  Best Seller
</div>
`
