// Jest Snapshot v1, https://goo.gl/fbAQLP

exports['<Highlight /> should render with initial state 1'] = `
<div
  class=""
>
  <h2
    class=""
  >
    Heading 1
  </h2>
  <h3
    class=""
  >
    Heading 2
  </h3>
</div>
`
