// Jest Snapshot v1, https://goo.gl/fbAQLP

exports[`<Heading /> should render with initial state 1`] = `
.c0 {
  color: #FAFAFA;
  font-size: 2rem;
}

@media (min-width:768px) {
  .c0 {
    font-size: 2.8rem;
  }
}

<h2
  class="c0"
  color="white"
>
  Random Heading
</h2>
`;
